e49HDdxTqL7dZya -> aZy4TLHxqded9D7
d10i68x86f4dfN2 -> 2Nx0id84f6d168f,x8f02fd4iN661d8
PERMISSION_GRANTED
PERMISSION_GRANTED
TOKEN_EXPIRED
PERMISSION_GRANTED
OPERATION_NOT_PERMITTED
TOKEN_EXPIRED
REQUEST_DENIED
TOKEN_EXPIRED
TOKEN_EXPIRED
fi4N018fx668dd2 -> x1628id60N8ffd4,48d2606dx1fNi8f
PERMISSION_GRANTED
OPERATION_NOT_PERMITTED
TOKEN_EXPIRED
TOKEN_EXPIRED
